// Jest Snapshot v1, https://goo.gl/fbAQLP

exports[`fileters Robots correctly 1`] = `ShallowWrapper {}`;

exports[`renders with or without a name 1`] = `ShallowWrapper {}`;

exports[`renders without crashing 1`] = `ShallowWrapper {}`;
