// Jest Snapshot v1, https://goo.gl/fbAQLP

exports[`FavouriteArtistCardList renders without crashing 1`] = `ShallowWrapper {}`;
