// Jest Snapshot v1, https://goo.gl/fbAQLP

exports[`WebPlayerHomeSectionList renders without crashing 1`] = `ShallowWrapper {}`;

exports[`renders without crashing 1`] = `ShallowWrapper {}`;
