// Jest Snapshot v1, https://goo.gl/fbAQLP

exports[`WebPlayerHomeSection renders without crashing 1`] = `ShallowWrapper {}`;

exports[`WebPlayerHomeSectionList renders without crashing 1`] = `ShallowWrapper {}`;
